// Jest Snapshot v1, https://goo.gl/fbAQLP

exports[`Chart Should render the comment box successfully 1`] = `
<DocumentFragment>
  <div
    class="loaderContainer"
  >
    <div
      class="ant-space ant-space-horizontal ant-space-align-center"
    >
      <div
        class="ant-space-item"
      >
        <div
          class="ant-spin ant-spin-lg ant-spin-spinning"
        >
          <span
            class="ant-spin-dot ant-spin-dot-spin"
          >
            <i
              class="ant-spin-dot-item"
            />
            <i
              class="ant-spin-dot-item"
            />
            <i
              class="ant-spin-dot-item"
            />
            <i
              class="ant-spin-dot-item"
            />
          </span>
        </div>
      </div>
    </div>
  </div>
</DocumentFragment>
`;
